load("@build_stack_rules_proto//rules:proto_compiled_sources.bzl", "proto_compiled_sources")
load("@rules_proto//proto:defs.bzl", "proto_library")

proto_library(
    name = "api_v1_proto",
    srcs = ["v1.proto"],
    visibility = ["//visibility:public"],
)

proto_compiled_sources(
    name = "api_v1_python_compiled_sources",
    srcs = ["v1_pb2.py"],
    plugins = ["@build_stack_rules_proto//plugin/builtin:python"],
    proto = "api_v1_proto",
    visibility = ["//visibility:public"],
)
