proto,proto,google/api/annotations.proto,@googleapis//google/api:annotations_proto
proto,proto,google/api/field_behavior.proto,@googleapis//google/api:field_behavior_proto
protobuf,proto_go_library,google/api/annotations.proto,@googleapis//google/api:annotations_go_proto
protobuf,proto_go_library,google/api/field_behavior.proto,@googleapis//google/api:annotations_go_proto
