load("@rules_proto//proto:defs.bzl", "proto_library")
load("@build_stack_rules_proto//rules:proto_compile.bzl", "proto_compile")

# "proto_rule" instantiates the proto_compile rule
# gazelle:proto_rule proto_compile implementation stackb:rules_proto:proto_compile

# "proto_plugin" instantiates the builtin python plugin
# gazelle:proto_plugin python implementation builtin:python

# "proto_language" binds the rule(s) and plugin(s) together
# gazelle:proto_language python rule proto_compile
# gazelle:proto_language python plugin python

proto_library(
    name = "example_proto",
    srcs = ["example.proto"],
    visibility = ["//visibility:public"],
)

proto_compile(
    name = "example_python_compile",
    outputs = ["example_pb2.py"],
    plugins = ["@build_stack_rules_proto//plugin/builtin:python"],
    proto = "example_proto",
)
