load("@rules_proto//proto:defs.bzl", "proto_library")
load("@build_stack_rules_proto//rules/go:proto_go_library.bzl", "proto_go_library")
load("@build_stack_rules_proto//rules:proto_compile.bzl", "proto_compile")

proto_library(
    name = "body_proto",
    srcs = ["body.proto"],
    visibility = ["//visibility:public"],
    deps = ["@com_google_protobuf//:struct_proto"],
)

proto_compile(
    name = "body_go_compile",
    output_mappings = ["body.pb.go=github.com/example/foo/body.pb.go"],
    outputs = ["body.pb.go"],
    plugins = ["@build_stack_rules_proto//plugin/golang/protobuf:protoc-gen-go"],
    proto = "body_proto",
)

proto_go_library(
    name = "body_go_proto",
    srcs = ["body.pb.go"],
    importpath = "github.com/example/foo",
    visibility = ["//visibility:public"],
    deps = [
        "@org_golang_google_protobuf//reflect/protoreflect",
        "@org_golang_google_protobuf//runtime/protoimpl",
        "@org_golang_google_protobuf//types/known/structpb",
    ],
)
