load("@rules_proto//proto:defs.bzl", "proto_library")

proto_library(
    name = "test_proto",
    srcs = ["example.proto"],
    visibility = ["//visibility:public"],
    deps = ["@protobufapis//google/protobuf:any_proto"],
)
