proto,proto,google/protobuf/any.proto,@protobufapis//google/protobuf:any_proto